14:06:13 **** Incremental Build of configuration Debug for project 001HelloWorld ****
make -j20 all 
arm-none-eabi-size  001HelloWorld.elf 
   text	   data	    bss	    dec	    hex	filename
   3404	     92	   1900	   5396	   1514	001HelloWorld.elf
Finished building: default.size.stdout
 
14:24:31 **** Incremental Build of configuration Debug for project 001HelloWorld ****
make -j20 all 
arm-none-eabi-size  001HelloWorld.elf 
   text	   data	    bss	    dec	    hex	filename
   3404	     92	   1900	   5396	   1514	001HelloWorld.elf
Finished building: default.size.stdout
 
14:25:19 **** Incremental Build of configuration Debug for project 001HelloWorld ****
make -j20 all 
arm-none-eabi-size  001HelloWorld.elf 
   text	   data	    bss	    dec	    hex	filename
   3404	     92	   1900	   5396	   1514	001HelloWorld.elf
Finished building: default.size.stdout
 
